'vswhere.exe' 不是内部或外部命令，也不是可运行的程序
或批处理文件。
**********************************************************************
** Visual Studio 2022 Developer Command Prompt v17.0
** Copyright (c) 2022 Microsoft Corporation
**********************************************************************
[vcvarsall.bat] Environment initialized for: 'x64'
D:\anaconda\envs\ADSMPC-python\lib\site-packages\setuptools\_distutils\dist.py:287: UserWarning: Unknown distribution option: 'test_suite'
  warnings.warn(msg)
D:\anaconda\envs\ADSMPC-python\lib\site-packages\setuptools\dist.py:765: SetuptoolsDeprecationWarning: License classifiers are deprecated.
!!

        ********************************************************************************
        Please consider removing the following classifiers in favor of a SPDX license expression:

        License :: OSI Approved :: BSD License

        See https://packaging.python.org/en/latest/guides/writing-pyproject-toml/#license for details.
        ********************************************************************************

!!
  self._finalize_license_expression()
Building wheel torchcsprng-0.2.0+0107bf5
running clean
Removed file: torchcsprng/version.py
Obtaining file:///D:/%E6%A1%8C%E9%9D%A2/%E5%8A%A0%E5%AF%86rag/ADSMPC-python/NssMPClib/csprng
  Checking if build backend supports build_editable: started
  Checking if build backend supports build_editable: finished with status 'done'
  Preparing editable metadata (pyproject.toml): started
  Preparing editable metadata (pyproject.toml): finished with status 'done'
Requirement already satisfied: torch>=1.8.0 in d:\anaconda\envs\adsmpc-python\lib\site-packages (from torchcsprng==0.2.0+0107bf5) (2.3.0+cu121)
Requirement already satisfied: filelock in d:\anaconda\envs\adsmpc-python\lib\site-packages (from torch>=1.8.0->torchcsprng==0.2.0+0107bf5) (3.20.3)
Requirement already satisfied: typing-extensions>=4.8.0 in d:\anaconda\envs\adsmpc-python\lib\site-packages (from torch>=1.8.0->torchcsprng==0.2.0+0107bf5) (4.15.0)
Requirement already satisfied: sympy in d:\anaconda\envs\adsmpc-python\lib\site-packages (from torch>=1.8.0->torchcsprng==0.2.0+0107bf5) (1.14.0)
Requirement already satisfied: networkx in d:\anaconda\envs\adsmpc-python\lib\site-packages (from torch>=1.8.0->torchcsprng==0.2.0+0107bf5) (3.4.2)
Requirement already satisfied: jinja2 in d:\anaconda\envs\adsmpc-python\lib\site-packages (from torch>=1.8.0->torchcsprng==0.2.0+0107bf5) (3.1.6)
Requirement already satisfied: fsspec in d:\anaconda\envs\adsmpc-python\lib\site-packages (from torch>=1.8.0->torchcsprng==0.2.0+0107bf5) (2026.2.0)
Requirement already satisfied: mkl<=2021.4.0,>=2021.1.1 in d:\anaconda\envs\adsmpc-python\lib\site-packages (from torch>=1.8.0->torchcsprng==0.2.0+0107bf5) (2021.4.0)
Requirement already satisfied: intel-openmp==2021.* in d:\anaconda\envs\adsmpc-python\lib\site-packages (from mkl<=2021.4.0,>=2021.1.1->torch>=1.8.0->torchcsprng==0.2.0+0107bf5) (2021.4.0)
Requirement already satisfied: tbb==2021.* in d:\anaconda\envs\adsmpc-python\lib\site-packages (from mkl<=2021.4.0,>=2021.1.1->torch>=1.8.0->torchcsprng==0.2.0+0107bf5) (2021.13.1)
Requirement already satisfied: MarkupSafe>=2.0 in d:\anaconda\envs\adsmpc-python\lib\site-packages (from jinja2->torch>=1.8.0->torchcsprng==0.2.0+0107bf5) (3.0.2)
Requirement already satisfied: mpmath<1.4,>=1.1.0 in d:\anaconda\envs\adsmpc-python\lib\site-packages (from sympy->torch>=1.8.0->torchcsprng==0.2.0+0107bf5) (1.3.0)
Building wheels for collected packages: torchcsprng
  Building editable for torchcsprng (pyproject.toml): started
  Building editable for torchcsprng (pyproject.toml): finished with status 'done'
  Created wheel for torchcsprng: filename=torchcsprng-0.2.0+0107bf5-0.editable-cp310-cp310-win_amd64.whl size=8308 sha256=55497be1d1383023b5aa81048bb40c3e1727d78e923b982c17bf2de37247afc2
  Stored in directory: C:\Users\hp\AppData\Local\Temp\pip-ephem-wheel-cache-0ldo7pas\wheels\48\9d\b5\b50012a6d757991c8a297e785037ce879b00dbb3fbe78c4f8f
Successfully built torchcsprng
Installing collected packages: torchcsprng
Successfully installed torchcsprng-0.2.0+0107bf5
